Copyright 1986-2022 Xilinx, Inc. All Rights Reserved. Copyright 2022-2026 Advanced Micro Devices, Inc. All Rights Reserved.
---------------------------------------------------------------------------------------------------------------------------------------------
| Tool Version : Vivado v.2026.1 (win64) Build 6511674 Tue Jun 16 11:02:23 MDT 2026
| Date         : Thu Aug 27 11:04:18 2026
| Host         : DESKTOP-T3NL2RB running 64-bit major release  (build 9200)
| Command      : report_clocks -file D:/_me/project/sobel_hdmi/AXI_STREAM_SOBEL_HDMI/reports/clocks.rpt
| Design       : final_system_wrapper
| Device       : 7z020-clg400
| Speed File   : -1  PRODUCTION 1.12 2019-11-22
| Design State : Routed
---------------------------------------------------------------------------------------------------------------------------------------------

Clock Report


Attributes
  P: Propagated
  G: Generated
  A: Auto-derived
  R: Renamed
  V: Virtual
  I: Inverted
  S: Pin phase-shifted with Latency mode

Clock                                Period(ns)  Waveform(ns)   Attributes  Sources
clk                                  8.000       {0.000 4.000}  P           {clk}
clk_fpga_0                           10.000      {0.000 5.000}  P           {final_system_i/processing_system7_0/inst/PS7_i/FCLKCLK[0]}
hdmi_rx_clk                          6.734       {0.000 3.367}  P           {TMDS_Clk_p_0}
CLKFBIN                              6.734       {0.000 3.367}  P,G,A       {final_system_i/dvi2rgb_0/U0/TMDS_ClockingX/DVI_ClkGenerator/CLKFBOUT}
CLKFBIN_1                            6.734       {0.000 3.367}  P,G,A       {final_system_i/rgb2dvi_0/U0/ClockGenInternal.ClockGenX/GenPLL.DVI_ClkGenerator/CLKFBOUT}
CLK_OUT_5x_hdmi_clk                  1.347       {0.000 0.673}  P,G,A       {final_system_i/dvi2rgb_0/U0/TMDS_ClockingX/DVI_ClkGenerator/CLKOUT0}
PixelClkIO                           6.734       {0.000 3.367}  P,G,A       {final_system_i/rgb2dvi_0/U0/ClockGenInternal.ClockGenX/GenPLL.DVI_ClkGenerator/CLKOUT1}
PixelClk_int                         6.734       {0.000 2.694}  P,G,A       {final_system_i/dvi2rgb_0/U0/TMDS_ClockingX/PixelClkBuffer/O}
SerialClkIO                          1.347       {0.000 0.673}  P,G,A       {final_system_i/rgb2dvi_0/U0/ClockGenInternal.ClockGenX/GenPLL.DVI_ClkGenerator/CLKOUT0}
clk_200MHz_final_system_clk_wiz_0_0  5.000       {0.000 2.500}  P,G,A       {final_system_i/clk_wiz_0/inst/mmcm_adv_inst/CLKOUT0}
clkfbout_final_system_clk_wiz_0_0    8.000       {0.000 4.000}  P,G,A       {final_system_i/clk_wiz_0/inst/mmcm_adv_inst/CLKFBOUT}


====================================================
Generated Clocks
====================================================

Generated Clock     : CLKFBIN
Master Source       : final_system_i/dvi2rgb_0/U0/TMDS_ClockingX/DVI_ClkGenerator/CLKIN1
Master Clock        : hdmi_rx_clk
Multiply By         : 1
Generated Sources   : {final_system_i/dvi2rgb_0/U0/TMDS_ClockingX/DVI_ClkGenerator/CLKFBOUT}

Generated Clock     : CLKFBIN_1
Master Source       : final_system_i/rgb2dvi_0/U0/ClockGenInternal.ClockGenX/GenPLL.DVI_ClkGenerator/CLKIN1
Master Clock        : PixelClk_int
Multiply By         : 1
Generated Sources   : {final_system_i/rgb2dvi_0/U0/ClockGenInternal.ClockGenX/GenPLL.DVI_ClkGenerator/CLKFBOUT}

Generated Clock     : CLK_OUT_5x_hdmi_clk
Master Source       : final_system_i/dvi2rgb_0/U0/TMDS_ClockingX/DVI_ClkGenerator/CLKIN1
Master Clock        : hdmi_rx_clk
Multiply By         : 5
Generated Sources   : {final_system_i/dvi2rgb_0/U0/TMDS_ClockingX/DVI_ClkGenerator/CLKOUT0}

Generated Clock     : PixelClkIO
Master Source       : final_system_i/rgb2dvi_0/U0/ClockGenInternal.ClockGenX/GenPLL.DVI_ClkGenerator/CLKIN1
Master Clock        : PixelClk_int
Multiply By         : 1
Generated Sources   : {final_system_i/rgb2dvi_0/U0/ClockGenInternal.ClockGenX/GenPLL.DVI_ClkGenerator/CLKOUT1}

Generated Clock     : PixelClk_int
Master Source       : final_system_i/dvi2rgb_0/U0/TMDS_ClockingX/PixelClkBuffer/I
Master Clock        : CLK_OUT_5x_hdmi_clk
Edges               : {1 2 3}
Edge Shifts(ns)     : {0.000 2.020 5.387}
Generated Sources   : {final_system_i/dvi2rgb_0/U0/TMDS_ClockingX/PixelClkBuffer/O}

Generated Clock     : SerialClkIO
Master Source       : final_system_i/rgb2dvi_0/U0/ClockGenInternal.ClockGenX/GenPLL.DVI_ClkGenerator/CLKIN1
Master Clock        : PixelClk_int
Multiply By         : 5
Generated Sources   : {final_system_i/rgb2dvi_0/U0/ClockGenInternal.ClockGenX/GenPLL.DVI_ClkGenerator/CLKOUT0}

Generated Clock     : clk_200MHz_final_system_clk_wiz_0_0
Master Source       : final_system_i/clk_wiz_0/inst/mmcm_adv_inst/CLKIN1
Master Clock        : clk
Edges               : {1 2 3}
Edge Shifts(ns)     : {0.000 -1.500 -3.000}
Generated Sources   : {final_system_i/clk_wiz_0/inst/mmcm_adv_inst/CLKOUT0}

Generated Clock     : clkfbout_final_system_clk_wiz_0_0
Master Source       : final_system_i/clk_wiz_0/inst/mmcm_adv_inst/CLKIN1
Master Clock        : clk
Multiply By         : 1
Generated Sources   : {final_system_i/clk_wiz_0/inst/mmcm_adv_inst/CLKFBOUT}



====================================================
User Uncertainty
====================================================



====================================================
User Jitter
====================================================

Clock       Jitter(ns)
clk         0.100
clk_fpga_0  0.300

