Copyright 1986-2022 Xilinx, Inc. All Rights Reserved. Copyright 2022-2026 Advanced Micro Devices, Inc. All Rights Reserved.
---------------------------------------------------------------------------------------------------------------------------------------------
| Tool Version : Vivado v.2026.1 (win64) Build 6511674 Tue Jun 16 11:02:23 MDT 2026
| Date         : Thu Aug 27 11:04:20 2026
| Host         : DESKTOP-T3NL2RB running 64-bit major release  (build 9200)
| Command      : report_methodology -file D:/_me/project/sobel_hdmi/AXI_STREAM_SOBEL_HDMI/reports/methodology_post_route.rpt
| Design       : final_system_wrapper
| Device       : xc7z020clg400-1
| Speed File   : -1
| Design State : Fully Routed
---------------------------------------------------------------------------------------------------------------------------------------------

Report Methodology

Table of Contents
-----------------
1. REPORT SUMMARY
2. REPORT DETAILS

1. REPORT SUMMARY
-----------------
            Netlist: netlist
          Floorplan: impl_1
      Design limits: <entire design considered>
             Max checks: <unlimited>
             Checks found: 5
+-----------+----------+------------------------------------------------------+--------+
| Rule      | Severity | Description                                          | Checks |
+-----------+----------+------------------------------------------------------+--------+
| CKBF-1    | Warning  | connects_I_driver_BUFR                               | 1      |
| TIMING-9  | Warning  | Unknown CDC Logic                                    | 1      |
| TIMING-28 | Warning  | Auto-derived clock referenced by a timing constraint | 1      |
| XDCB-5    | Warning  | Runtime inefficient way to find pin objects          | 2      |
+-----------+----------+------------------------------------------------------+--------+

2. REPORT DETAILS
-----------------
CKBF-1#1 Warning
connects_I_driver_BUFR  
The BUFG cell final_system_i/dvi2rgb_0/U0/GenerateBUFG.ResyncToBUFG_X/InstBUFG I pin is driven by a BUFR cell final_system_i/dvi2rgb_0/U0/TMDS_ClockingX/PixelClkBuffer. For 7-Series devices, this is not a recommended clock topology. Please analyze your clock network and remove the BUFR to BUFG cascade.
Related violations: <none>

TIMING-9#1 Warning
Unknown CDC Logic  
One or more asynchronous Clock Domain Crossing has been detected between 2 clock domains through a set_false_path or a set_clock_groups or set_max_delay -datapath_only constraint but no double-registers logic synchronizer has been found on the side of the capture clock. It is recommended to run report_cdc for a complete and detailed CDC coverage. Please consider using XPM_CDC to avoid Critical severities
Related violations: <none>

TIMING-28#1 Warning
Auto-derived clock referenced by a timing constraint  
The auto-derived clock PixelClk_int is referenced by name inside timing constraint (see constraint position 11 in the Timing Constraint window in Vivado IDE). It is recommended to reference an auto-derived clock by the pin name attached to the clock: get_clocks -of_objects [get_pins final_system_i/dvi2rgb_0/U0/TMDS_ClockingX/PixelClkBuffer/O]
Related violations: <none>

XDCB-5#1 Warning
Runtime inefficient way to find pin objects  
The option '-through : [get_pins -filter {NAME =~ */*SyncAsync*/oSyncStages_reg[0]/D} -hier]' of constraint 'set_false_path' uses inefficient query to find pin objects (see constraint position '2' in the Timing Constraint window in Vivado IDE). To reduce runtime, it is recommended to get the pins through the cell objects. Please refer to Using Constraints Guide (Constraints Efficiency). An example of optimal query is: get_pins -filter {REF_PIN_NAME=~yy*} -of_objects [get_cells -hierarchical xx*].
Current XDC: D:/_me/project/sobel_hdmi/AXI_STREAM_SOBEL_HDMI/AXI_STREAM_SOBEL_HDMI.gen/sources_1/bd/final_system/ip/final_system_dvi2rgb_0_0/src/dvi2rgb.xdc (Line: 13)
Related violations: <none>

XDCB-5#2 Warning
Runtime inefficient way to find pin objects  
The option '-through : [get_pins -filter {NAME =~ *SyncAsync*/oSyncStages_reg[0]/D} -hier]' of constraint 'set_false_path' uses inefficient query to find pin objects (see constraint position '5' in the Timing Constraint window in Vivado IDE). To reduce runtime, it is recommended to get the pins through the cell objects. Please refer to Using Constraints Guide (Constraints Efficiency). An example of optimal query is: get_pins -filter {REF_PIN_NAME=~yy*} -of_objects [get_cells -hierarchical xx*].
Current XDC: D:/_me/project/sobel_hdmi/AXI_STREAM_SOBEL_HDMI/AXI_STREAM_SOBEL_HDMI.gen/sources_1/bd/final_system/ip/final_system_rgb2dvi_0_0/src/rgb2dvi.xdc (Line: 5)
Related violations: <none>


