Copyright 1986-2022 Xilinx, Inc. All Rights Reserved. Copyright 2022-2026 Advanced Micro Devices, Inc. All Rights Reserved.
-------------------------------------------------------------------------------------------------------------------------------------------------
| Tool Version     : Vivado v.2026.1 (win64) Build 6511674 Tue Jun 16 11:02:23 MDT 2026
| Date             : Thu Aug 27 11:04:26 2026
| Host             : DESKTOP-T3NL2RB running 64-bit major release  (build 9200)
| Command          : report_power -file D:/_me/project/sobel_hdmi/AXI_STREAM_SOBEL_HDMI/reports/power_post_route.rpt
| Design           : final_system_wrapper
| Device           : xc7z020clg400-1
| Design State     : routed
| Grade            : commercial
| Process          : typical
| Characterization : Production
-------------------------------------------------------------------------------------------------------------------------------------------------

Power Report

Table of Contents
-----------------
1. Summary
1.1 On-Chip Components
1.2 Power Supply Summary
1.3 Confidence Level
2. Settings
2.1 Environment
2.2 Clock Constraints
3. Detailed Reports
3.1 By Hierarchy

1. Summary
----------

+--------------------------+--------------+
| Total On-Chip Power (W)  | 1.966        |
| Design Power Budget (W)  | Unspecified* |
| Power Budget Margin (W)  | NA           |
| Dynamic (W)              | 1.813        |
| Device Static (W)        | 0.153        |
| Effective TJA (C/W)      | 11.5         |
| Max Ambient (C)          | 62.3         |
| Junction Temperature (C) | 47.7         |
| Confidence Level         | Medium       |
| Setting File             | ---          |
| Simulation Activity File | ---          |
| Design Nets Matched      | NA           |
+--------------------------+--------------+
* Specify Design Power Budget using, set_operating_conditions -design_power_budget <value in Watts>


1.1 On-Chip Components
----------------------

+--------------------------+-----------+----------+-----------+-----------------+
| On-Chip                  | Power (W) | Used     | Available | Utilization (%) |
+--------------------------+-----------+----------+-----------+-----------------+
| Clocks                   |     0.028 |       13 |       --- |             --- |
| Slice Logic              |     0.006 |     4651 |       --- |             --- |
|   LUT as Logic           |     0.005 |     1476 |     53200 |            2.77 |
|   CARRY4                 |    <0.001 |      153 |     13300 |            1.15 |
|   Register               |    <0.001 |     2211 |    106400 |            2.08 |
|   LUT as Shift Register  |    <0.001 |       20 |     17400 |            0.11 |
|   LUT as Distributed RAM |    <0.001 |       24 |     17400 |            0.14 |
|   F7/F8 Muxes            |    <0.001 |       26 |     53200 |            0.05 |
|   Others                 |    <0.001 |      319 |       --- |             --- |
| Signals                  |     0.006 |     3406 |       --- |             --- |
| Block RAM                |     0.009 |      4.5 |       140 |            3.21 |
| MMCM                     |     0.202 |        2 |         4 |           50.00 |
| PLL                      |     0.137 |        1 |         4 |           25.00 |
| I/O                      |     0.169 |       21 |       125 |           16.80 |
| PS7                      |     1.256 |        1 |       --- |             --- |
| Static Power             |     0.153 |          |           |                 |
| Total                    |     1.966 |          |           |                 |
+--------------------------+-----------+----------+-----------+-----------------+


1.2 Power Supply Summary
------------------------

+-----------+-------------+-----------+-------------+------------+-------------+-------------+------------+
| Source    | Voltage (V) | Total (A) | Dynamic (A) | Static (A) | Powerup (A) | Budget (A)  | Margin (A) |
+-----------+-------------+-----------+-------------+------------+-------------+-------------+------------+
| Vccint    |       1.000 |     0.090 |       0.073 |      0.017 |       NA    | Unspecified | NA         |
| Vccaux    |       1.800 |     0.212 |       0.195 |      0.016 |       NA    | Unspecified | NA         |
| Vcco33    |       3.300 |     0.041 |       0.040 |      0.001 |       NA    | Unspecified | NA         |
| Vcco25    |       2.500 |     0.000 |       0.000 |      0.000 |       NA    | Unspecified | NA         |
| Vcco18    |       1.800 |     0.000 |       0.000 |      0.000 |       NA    | Unspecified | NA         |
| Vcco15    |       1.500 |     0.000 |       0.000 |      0.000 |       NA    | Unspecified | NA         |
| Vcco135   |       1.350 |     0.000 |       0.000 |      0.000 |       NA    | Unspecified | NA         |
| Vcco12    |       1.200 |     0.000 |       0.000 |      0.000 |       NA    | Unspecified | NA         |
| Vccaux_io |       1.800 |     0.000 |       0.000 |      0.000 |       NA    | Unspecified | NA         |
| Vccbram   |       1.000 |     0.002 |       0.001 |      0.001 |       NA    | Unspecified | NA         |
| MGTAVcc   |       1.000 |     0.000 |       0.000 |      0.000 |       NA    | Unspecified | NA         |
| MGTAVtt   |       1.200 |     0.000 |       0.000 |      0.000 |       NA    | Unspecified | NA         |
| MGTVccaux |       1.800 |     0.000 |       0.000 |      0.000 |       NA    | Unspecified | NA         |
| Vccpint   |       1.000 |     0.680 |       0.647 |      0.034 |       NA    | Unspecified | NA         |
| Vccpaux   |       1.800 |     0.036 |       0.026 |      0.010 |       NA    | Unspecified | NA         |
| Vccpll    |       1.800 |     0.017 |       0.014 |      0.003 |       NA    | Unspecified | NA         |
| Vcco_ddr  |       1.500 |     0.354 |       0.352 |      0.002 |       NA    | Unspecified | NA         |
| Vcco_mio0 |       3.300 |     0.003 |       0.002 |      0.001 |       NA    | Unspecified | NA         |
| Vcco_mio1 |       1.800 |     0.003 |       0.002 |      0.001 |       NA    | Unspecified | NA         |
| Vccadc    |       1.800 |     0.020 |       0.000 |      0.020 |       NA    | Unspecified | NA         |
+-----------+-------------+-----------+-------------+------------+-------------+-------------+------------+


1.3 Confidence Level
--------------------

+-----------------------------+------------+-------------------------------------------------------+------------------------------------------------------------------------------------------------------------+
| User Input Data             | Confidence | Details                                               | Action                                                                                                     |
+-----------------------------+------------+-------------------------------------------------------+------------------------------------------------------------------------------------------------------------+
| Design implementation state | High       | Design is routed                                      |                                                                                                            |
| Clock nodes activity        | High       | User specified more than 95% of clocks                |                                                                                                            |
| I/O nodes activity          | Medium     | More than 5% of inputs are missing user specification | Provide missing input activity with simulation results or by editing the "By Resource Type -> I/Os" view   |
| Internal nodes activity     | Medium     | User specified less than 25% of internal nodes        | Provide missing internal nodes activity with simulation results or by editing the "By Resource Type" views |
| Device models               | High       | Device models are Production                          |                                                                                                            |
|                             |            |                                                       |                                                                                                            |
| Overall confidence level    | Medium     |                                                       |                                                                                                            |
+-----------------------------+------------+-------------------------------------------------------+------------------------------------------------------------------------------------------------------------+


2. Settings
-----------

2.1 Environment
---------------

+-----------------------+------------------------+
| Ambient Temp (C)      | 25.0                   |
| ThetaJA (C/W)         | 11.5                   |
| Airflow (LFM)         | 250                    |
| Heat Sink             | none                   |
| ThetaSA (C/W)         | 0.0                    |
| Board Selection       | medium (10"x10")       |
| # of Board Layers     | 8to11 (8 to 11 Layers) |
| Board Temperature (C) | 25.0                   |
+-----------------------+------------------------+


2.2 Clock Constraints
---------------------

+-------------------------------------+-------------------------------------------------------------------+-----------------+
| Clock                               | Domain                                                            | Constraint (ns) |
+-------------------------------------+-------------------------------------------------------------------+-----------------+
| CLKFBIN                             | final_system_i/dvi2rgb_0/U0/TMDS_ClockingX/CLKFBIN                |             6.7 |
| CLKFBIN_1                           | final_system_i/rgb2dvi_0/U0/ClockGenInternal.ClockGenX/CLKFBIN    |             6.7 |
| CLK_OUT_5x_hdmi_clk                 | final_system_i/dvi2rgb_0/U0/TMDS_ClockingX/CLK_OUT_5x_hdmi_clk    |             1.3 |
| PixelClkIO                          | final_system_i/rgb2dvi_0/U0/ClockGenInternal.ClockGenX/PixelClk   |             6.7 |
| PixelClk_int                        | final_system_i/dvi2rgb_0/U0/TMDS_ClockingX/PixelClkBuffer_0       |             6.7 |
| SerialClkIO                         | final_system_i/rgb2dvi_0/U0/ClockGenInternal.ClockGenX/SerialClk  |             1.3 |
| clk                                 | clk                                                               |             8.0 |
| clk_200MHz_final_system_clk_wiz_0_0 | final_system_i/clk_wiz_0/inst/clk_200MHz_final_system_clk_wiz_0_0 |             5.0 |
| clk_fpga_0                          | final_system_i/processing_system7_0/inst/FCLK_CLK_unbuffered[0]   |            10.0 |
| clkfbout_final_system_clk_wiz_0_0   | final_system_i/clk_wiz_0/inst/clkfbout_final_system_clk_wiz_0_0   |             8.0 |
| hdmi_rx_clk                         | TMDS_Clk_p_0                                                      |             6.7 |
+-------------------------------------+-------------------------------------------------------------------+-----------------+


3. Detailed Reports
-------------------

3.1 By Hierarchy
----------------

+------------------------------+-----------+
| Name                         | Power (W) |
+------------------------------+-----------+
| final_system_wrapper         |     1.813 |
|   final_system_i             |     1.813 |
|     clk_wiz_0                |     0.108 |
|       inst                   |     0.108 |
|     dvi2rgb_0                |     0.139 |
|       U0                     |     0.139 |
|     processing_core_0        |     0.014 |
|       axis_grayscale_0       |     0.002 |
|       axis_sobel_0           |     0.004 |
|       axis_window_3x3_gene_0 |     0.008 |
|     processing_system7_0     |     1.256 |
|       inst                   |     1.256 |
|     rgb2dvi_0                |     0.280 |
|       U0                     |     0.280 |
|     smartconnect_0           |     0.005 |
|       inst                   |     0.005 |
|     v_axi4s_vid_out_0        |     0.004 |
|       inst                   |     0.004 |
|     v_tc_0                   |     0.001 |
|       U0                     |     0.001 |
|     v_vid_in_axi4s_0         |     0.003 |
|       inst                   |     0.003 |
|     video_control_axi_0      |     0.001 |
|       inst                   |     0.001 |
+------------------------------+-----------+


