Copyright 1986-2022 Xilinx, Inc. All Rights Reserved. Copyright 2022-2026 Advanced Micro Devices, Inc. All Rights Reserved.
---------------------------------------------------------------------------------------------------------------------------------------------
| Tool Version : Vivado v.2026.1 (win64) Build 6511674 Tue Jun 16 11:02:23 MDT 2026
| Date         : Thu Aug 27 11:04:18 2026
| Host         : DESKTOP-T3NL2RB running 64-bit major release  (build 9200)
| Command      : report_utilization -hierarchical -file D:/_me/project/sobel_hdmi/AXI_STREAM_SOBEL_HDMI/reports/utilization_hierarchical.rpt
| Design       : final_system_wrapper
| Device       : xc7z020clg400-1
| Speed File   : -1
| Design State : Routed
---------------------------------------------------------------------------------------------------------------------------------------------

Utilization Design Information

Table of Contents
-----------------
1. Utilization by Hierarchy

1. Utilization by Hierarchy
---------------------------

+--------------------------------------------------------+------------------------------------------------------------------------------+------------+------------+---------+------+------+--------+--------+------------+
|                        Instance                        |                                    Module                                    | Total LUTs | Logic LUTs | LUTRAMs | SRLs |  FFs | RAMB36 | RAMB18 | DSP Blocks |
+--------------------------------------------------------+------------------------------------------------------------------------------+------------+------------+---------+------+------+--------+--------+------------+
| final_system_wrapper                                   |                                                                        (top) |       1520 |       1476 |      24 |   20 | 2211 |      3 |      3 |          0 |
|   (final_system_wrapper)                               |                                                                        (top) |          0 |          0 |       0 |    0 |    0 |      0 |      0 |          0 |
|   final_system_i                                       |                                                                 final_system |       1520 |       1476 |      24 |   20 | 2211 |      3 |      3 |          0 |
|     video_control_axi_0                                |                                           final_system_video_control_axi_0_0 |         93 |         93 |       0 |    0 |  167 |      0 |      0 |          0 |
|       inst                                             |                         final_system_video_control_axi_0_0_video_control_axi |         93 |         93 |       0 |    0 |  167 |      0 |      0 |          0 |
|         video_control_axi_slave_lite_v1_0_S00_AXI_inst | final_system_video_control_axi_0_0_video_control_axi_slave_lite_v1_0_S00_AXI |         93 |         93 |       0 |    0 |  167 |      0 |      0 |          0 |
|     dvi2rgb_0                                          |                                                     final_system_dvi2rgb_0_0 |        337 |        313 |      24 |    0 |  489 |      0 |      0 |          0 |
|       U0                                               |                                             final_system_dvi2rgb_0_0_dvi2rgb |        337 |        313 |      24 |    0 |  489 |      0 |      0 |          0 |
|         DataDecoders[0].DecoderX                       |                                        final_system_dvi2rgb_0_0_TMDS_Decoder |         85 |         77 |       8 |    0 |  131 |      0 |      0 |          0 |
|           PhaseAlignX                                  |                                       final_system_dvi2rgb_0_0_PhaseAlign_20 |         41 |         41 |       0 |    0 |   59 |      0 |      0 |          0 |
|         DataDecoders[1].DecoderX                       |                                      final_system_dvi2rgb_0_0_TMDS_Decoder_0 |         78 |         70 |       8 |    0 |  127 |      0 |      0 |          0 |
|           PhaseAlignX                                  |                                       final_system_dvi2rgb_0_0_PhaseAlign_13 |         41 |         41 |       0 |    0 |   59 |      0 |      0 |          0 |
|         DataDecoders[2].DecoderX                       |                                      final_system_dvi2rgb_0_0_TMDS_Decoder_1 |         77 |         69 |       8 |    0 |  127 |      0 |      0 |          0 |
|           PhaseAlignX                                  |                                          final_system_dvi2rgb_0_0_PhaseAlign |         40 |         40 |       0 |    0 |   59 |      0 |      0 |          0 |
|         GenerateDDC.DDC_EEPROM                         |                                           final_system_dvi2rgb_0_0_EEPROM_8b |         87 |         87 |       0 |    0 |   57 |      0 |      0 |          0 |
|           I2C_SlaveController                          |                                        final_system_dvi2rgb_0_0_TWI_SlaveCtl |         53 |         53 |       0 |    0 |   37 |      0 |      0 |          0 |
|     processing_core_0                                  |                                                       processing_core_inst_0 |        275 |        256 |       0 |   19 |  489 |      1 |      3 |          0 |
|       axis_grayscale_0                                 |                                    processing_core_inst_0_axis_grayscale_0_0 |         88 |         88 |       0 |    0 |  103 |      0 |      0 |          0 |
|         inst                                           |                     processing_core_inst_0_axis_grayscale_0_0_axis_grayscale |         88 |         88 |       0 |    0 |  103 |      0 |      0 |          0 |
|       axis_sobel_0                                     |                                        processing_core_inst_0_axis_sobel_0_0 |        154 |        135 |       0 |   19 |  185 |      0 |      0 |          0 |
|         inst                                           |                             processing_core_inst_0_axis_sobel_0_0_axis_sobel |        154 |        135 |       0 |   19 |  185 |      0 |      0 |          0 |
|       axis_window_3x3_gene_0                           |                              processing_core_inst_0_axis_window_3x3_gene_0_0 |         34 |         34 |       0 |    0 |  201 |      1 |      3 |          0 |
|         inst                                           |    processing_core_inst_0_axis_window_3x3_gene_0_0_axis_window_3x3_generator |         34 |         34 |       0 |    0 |  201 |      1 |      3 |          0 |
|     rgb2dvi_0                                          |                                                     final_system_rgb2dvi_0_0 |        158 |        158 |       0 |    0 |  142 |      0 |      0 |          0 |
|       U0                                               |                                             final_system_rgb2dvi_0_0_rgb2dvi |        158 |        158 |       0 |    0 |  142 |      0 |      0 |          0 |
|         DataEncoders[0].DataEncoder                    |                                        final_system_rgb2dvi_0_0_TMDS_Encoder |         55 |         55 |       0 |    0 |   48 |      0 |      0 |          0 |
|         DataEncoders[1].DataEncoder                    |                                      final_system_rgb2dvi_0_0_TMDS_Encoder_1 |         50 |         50 |       0 |    0 |   42 |      0 |      0 |          0 |
|         DataEncoders[2].DataEncoder                    |                                      final_system_rgb2dvi_0_0_TMDS_Encoder_3 |         50 |         50 |       0 |    0 |   42 |      0 |      0 |          0 |
|     smartconnect_0                                     |                                                final_system_smartconnect_0_0 |        349 |        349 |       0 |    0 |  403 |      0 |      0 |          0 |
|       inst                                             |                                        final_system_smartconnect_0_0_bd_481a |        349 |        349 |       0 |    0 |  403 |      0 |      0 |          0 |
|         sc_ul                                          |                                final_system_smartconnect_0_0_bd_481a_sc_ul_0 |        349 |        349 |       0 |    0 |  403 |      0 |      0 |          0 |
|           inst                                         |                        final_system_smartconnect_0_0_sc_ultralite_v1_0_1_top |        349 |        349 |       0 |    0 |  403 |      0 |      0 |          0 |
|             gen_axi_full_nxm.sasd_inst                 |                  final_system_smartconnect_0_0_sc_ultralite_v1_0_1_sasd_lite |        349 |        349 |       0 |    0 |  401 |      0 |      0 |          0 |
|               (gen_axi_full_nxm.sasd_inst)             |                  final_system_smartconnect_0_0_sc_ultralite_v1_0_1_sasd_lite |        141 |        141 |       0 |    0 |  266 |      0 |      0 |          0 |
|               gen_read.arctrl_mux                      |    final_system_smartconnect_0_0_sc_ultralite_v1_0_1_mux_hot__parameterized4 |         90 |         90 |       0 |    0 |    8 |      0 |      0 |          0 |
|     v_axi4s_vid_out_0                                  |                                             final_system_v_axi4s_vid_out_0_0 |        134 |        134 |       0 |    0 |  182 |      1 |      0 |          0 |
|       inst                                             |                     final_system_v_axi4s_vid_out_0_0_v_axi4s_vid_out_v4_0_21 |        134 |        134 |       0 |    0 |  182 |      1 |      0 |          0 |
|         SYNC_INST                                      |                final_system_v_axi4s_vid_out_0_0_v_axi4s_vid_out_v4_0_21_sync |         68 |         68 |       0 |    0 |   83 |      0 |      0 |          0 |
|         COUPLER_INST                                   |             final_system_v_axi4s_vid_out_0_0_v_axi4s_vid_out_v4_0_21_coupler |         66 |         66 |       0 |    0 |   63 |      1 |      0 |          0 |
|           generate_sync_fifo.FIFO_INST                 |           final_system_v_axi4s_vid_out_0_0_v_axi4s_vid_out_v4_0_21_fifo_sync |         66 |         66 |       0 |    0 |   63 |      1 |      0 |          0 |
|             XPM_FIFO_SYNC_INST                         |                               final_system_v_axi4s_vid_out_0_0_xpm_fifo_sync |         56 |         56 |       0 |    0 |   63 |      1 |      0 |          0 |
|               xpm_fifo_base_inst                       |                               final_system_v_axi4s_vid_out_0_0_xpm_fifo_base |         56 |         56 |       0 |    0 |   63 |      1 |      0 |          0 |
|     v_tc_0                                             |                                                        final_system_v_tc_0_0 |         78 |         78 |       0 |    0 |  116 |      0 |      0 |          0 |
|       U0                                               |                                                   final_system_v_tc_0_0_v_tc |         78 |         78 |       0 |    0 |  116 |      0 |      0 |          0 |
|         U_TC_TOP                                       |                                                 final_system_v_tc_0_0_tc_top |         78 |         78 |       0 |    0 |  116 |      0 |      0 |          0 |
|           GEN_GENERATOR.U_TC_GEN                       |                                           final_system_v_tc_0_0_tc_generator |         78 |         78 |       0 |    0 |  116 |      0 |      0 |          0 |
|     v_vid_in_axi4s_0                                   |                                              final_system_v_vid_in_axi4s_0_1 |         48 |         48 |       0 |    0 |  134 |      1 |      0 |          0 |
|       inst                                             |                        final_system_v_vid_in_axi4s_0_1_v_vid_in_axi4s_v5_0_8 |         48 |         48 |       0 |    0 |  134 |      1 |      0 |          0 |
|         COUPLER_INST                                   |                final_system_v_vid_in_axi4s_0_1_v_vid_in_axi4s_v5_0_8_coupler |         45 |         45 |       0 |    0 |   52 |      1 |      0 |          0 |
|           generate_sync_fifo.FIFO_INST                 |              final_system_v_vid_in_axi4s_0_1_v_vid_in_axi4s_v5_0_8_fifo_sync |         45 |         45 |       0 |    0 |   52 |      1 |      0 |          0 |
|             XPM_FIFO_SYNC_INST                         |                                final_system_v_vid_in_axi4s_0_1_xpm_fifo_sync |         43 |         43 |       0 |    0 |   52 |      1 |      0 |          0 |
|               xpm_fifo_base_inst                       |                                final_system_v_vid_in_axi4s_0_1_xpm_fifo_base |         43 |         43 |       0 |    0 |   52 |      1 |      0 |          0 |
|         FORMATTER_INST                                 |              final_system_v_vid_in_axi4s_0_1_v_vid_in_axi4s_v5_0_8_formatter |          3 |          3 |       0 |    0 |   82 |      0 |      0 |          0 |
+--------------------------------------------------------+------------------------------------------------------------------------------+------------+------------+---------+------+------+--------+--------+------------+
* Note: The sum of lower-level cells may be larger than their parent cells total, due to cross-hierarchy LUT combining


